205 INFO: PyInstaller: 6.20.0, contrib hooks: 2026.6
206 INFO: Python: 3.12.4
242 INFO: Platform: Windows-11-10.0.26100-SP0
242 INFO: Python environment: C:\Users\Sebastian Alvarez\AppData\Local\Programs\Python\Python312
245 INFO: Module search paths (PYTHONPATH):
['C:\\Users\\Sebastian '
 'Alvarez\\AppData\\Local\\Programs\\Python\\Python312\\Scripts\\pyinstaller.exe',
 'C:\\Users\\Sebastian '
 'Alvarez\\AppData\\Local\\Programs\\Python\\Python312\\python312.zip',
 'C:\\Users\\Sebastian '
 'Alvarez\\AppData\\Local\\Programs\\Python\\Python312\\DLLs',
 'C:\\Users\\Sebastian '
 'Alvarez\\AppData\\Local\\Programs\\Python\\Python312\\Lib',
 'C:\\Users\\Sebastian Alvarez\\AppData\\Local\\Programs\\Python\\Python312',
 'C:\\Users\\Sebastian '
 'Alvarez\\AppData\\Local\\Programs\\Python\\Python312\\Lib\\site-packages',
 'C:\\Users\\Sebastian Alvarez\\Documents\\3SX\\src\\fistbump-server\\launcher']
522 INFO: checking Analysis
535 INFO: Building because C:\Users\Sebastian Alvarez\Documents\3SX\src\fistbump-server\launcher\launcher.py changed
535 INFO: Looking for Python shared library...
535 INFO: Using Python shared library: C:\Users\Sebastian Alvarez\AppData\Local\Programs\Python\Python312\python312.dll
535 INFO: Running Analysis Analysis-00.toc
535 INFO: Target bytecode optimization level: 0
535 INFO: Initializing module dependency graph...
537 INFO: Initializing module graph hook caches...
557 INFO: Analyzing modules for base_library.zip ...
1353 INFO: Processing standard module hook 'hook-encodings.py' from 'C:\\Users\\Sebastian Alvarez\\AppData\\Local\\Programs\\Python\\Python312\\Lib\\site-packages\\PyInstaller\\hooks'
3237 INFO: Processing standard module hook 'hook-pickle.py' from 'C:\\Users\\Sebastian Alvarez\\AppData\\Local\\Programs\\Python\\Python312\\Lib\\site-packages\\PyInstaller\\hooks'
4183 INFO: Processing standard module hook 'hook-heapq.py' from 'C:\\Users\\Sebastian Alvarez\\AppData\\Local\\Programs\\Python\\Python312\\Lib\\site-packages\\PyInstaller\\hooks'
4569 INFO: Caching module dependency graph...
4601 INFO: Analyzing C:\Users\Sebastian Alvarez\Documents\3SX\src\fistbump-server\launcher\launcher.py
4662 INFO: Processing pre-find-module-path hook 'hook-tkinter.py' from 'C:\\Users\\Sebastian Alvarez\\AppData\\Local\\Programs\\Python\\Python312\\Lib\\site-packages\\PyInstaller\\hooks\\pre_find_module_path'
4663 INFO: TclTkInfo: initializing cached Tcl/Tk info...
4966 INFO: Processing standard module hook 'hook-_tkinter.py' from 'C:\\Users\\Sebastian Alvarez\\AppData\\Local\\Programs\\Python\\Python312\\Lib\\site-packages\\PyInstaller\\hooks'
5201 INFO: Processing standard module hook 'hook-_ctypes.py' from 'C:\\Users\\Sebastian Alvarez\\AppData\\Local\\Programs\\Python\\Python312\\Lib\\site-packages\\PyInstaller\\hooks'
5227 INFO: Processing module hooks (post-graph stage)...
5230 INFO: Processing standard module hook 'hook-_tkinter.py' from 'C:\\Users\\Sebastian Alvarez\\AppData\\Local\\Programs\\Python\\Python312\\Lib\\site-packages\\PyInstaller\\hooks'
5237 INFO: Performing binary vs. data reclassification (924 entries)
5437 INFO: Looking for ctypes DLLs
5447 INFO: Analyzing run-time hooks ...
5448 INFO: Including run-time hook 'pyi_rth_inspect.py' from 'C:\\Users\\Sebastian Alvarez\\AppData\\Local\\Programs\\Python\\Python312\\Lib\\site-packages\\PyInstaller\\hooks\\rthooks'
5451 INFO: Including run-time hook 'pyi_rth__tkinter.py' from 'C:\\Users\\Sebastian Alvarez\\AppData\\Local\\Programs\\Python\\Python312\\Lib\\site-packages\\PyInstaller\\hooks\\rthooks'
5470 INFO: Creating base_library.zip...
5486 INFO: Looking for dynamic libraries
5585 INFO: Extra DLL search directories (AddDllDirectory): []
5586 INFO: Extra DLL search directories (PATH): []
5739 INFO: Warnings written to C:\Users\Sebastian Alvarez\Documents\3SX\src\fistbump-server\launcher\build\3sx_launcher_online\warn-3sx_launcher_online.txt
5754 INFO: Graph cross-reference written to C:\Users\Sebastian Alvarez\Documents\3SX\src\fistbump-server\launcher\build\3sx_launcher_online\xref-3sx_launcher_online.html
5782 INFO: checking PYZ
5795 INFO: checking PKG
5804 INFO: Building because toc changed
5804 INFO: Building PKG (CArchive) 3sx_launcher_online.pkg
8431 INFO: Building PKG (CArchive) 3sx_launcher_online.pkg completed successfully.
8447 INFO: Bootloader C:\Users\Sebastian Alvarez\AppData\Local\Programs\Python\Python312\Lib\site-packages\PyInstaller\bootloader\Windows-64bit-intel\runw.exe
8447 INFO: checking EXE
8455 INFO: Building because toc changed
8455 INFO: Building EXE from EXE-00.toc
8455 INFO: Copying bootloader EXE to C:\Users\Sebastian Alvarez\Documents\3SX\src\fistbump-server\launcher\dist\3sx_launcher_online.exe
8458 INFO: Copying icon to EXE
8461 INFO: Copying 0 resources to EXE
8461 INFO: Embedding manifest in EXE
8462 INFO: Appending PKG archive to EXE
8468 INFO: Fixing EXE headers
8529 INFO: Building EXE from EXE-00.toc completed successfully.
8544 INFO: Build complete! The results are available in: C:\Users\Sebastian Alvarez\Documents\3SX\src\fistbump-server\launcher\dist
